PASS  C1 · no policy banner on thread + waiting strip + activity (posture unconfigured) — banners=0
PASS  C1 · the posture really is unconfigured (the probe answered)
PASS  machine audit — unconfigured posture — clean
PASS  C2 · the row's detail is humanized — — Amount cents $47.50 · Limit 10 · Status open
PASS  C2 · no raw guard preview on screen
PASS  C2 · no raw cents integer on screen
PASS  machine audit — activity panel — clean
PASS  C5 · no money sentence when two amounts are declared — This moves money, as you.
PASS  C5 · the wrong figure is nowhere on the card
PASS  C5 · nothing folds on uncertainty
PASS  C5 · both amounts stay in plain sight — Fee cents$1.99 | Amount cents$47.50 | Recipient nameAcme Utilities | MemoJuly water bill
PASS  C5 · no raw literal in a tooltip (L37)
PASS  machine audit — two-money approval card — clean
PASS  machine audit — waiting strip — clean
PASS  ruling 16 · the banner says what happened
PASS  ruling 16 · zero Retry controls in the conversation
PASS  ruling 16 · the turn's Regenerate is the redo
PASS  machine audit — thread after a killed stream — clean
PASS  ruling 18 · the embed names what happened
PASS  ruling 18 · and offers Try again
PASS  ruling 18 · no developer sentence in it
PASS  machine audit — BYO embed, failed build — clean
PASS  M36 · the voice banner is the standing line, not the driver's — Voice session failedRetry
PASS  M36 · Retry still starts a clean session
PASS  machine audit — voice stage error — clean

ALL PROOF CHECKS PASSED
