# Raw connector transport-counter output — discovery-discipline live proofs
# Captured 2026-07-26. One line = one connector HTTP round-trip.
# Every total below is the literal line count of the block beneath it.

===================================================================
A. MAPLE, PRODUCTION BUILD (next build && next start :3400)
   subject vendo-demo · Gmail EXPIRED (unconnected) · BYO Composio
   ask: "email me a summary of my spending this month"
   Turn driven over the API with NO browser attached, so the chat
   UI's /connections poll cannot inflate the count. Log marked at
   the line before the POST; block below is everything after it.
===================================================================
[vendo:connector-http] composio GET /api/v3/tools
[vendo:connector-http] composio GET /api/v3/connected_accounts
[vendo:connector-http] composio GET /api/v3/toolkits/gmail
[vendo:connector-http] composio GET /api/v3/toolkits/slack
[vendo:connector-http] composio GET /api/v3/connected_accounts
[vendo:connector-http] composio GET /api/v3/connected_accounts

TOTAL round-trips for the turn: 6   [criterion 13 budget: <= 6]
Connect cards in the stream:    1   [criterion 14: exactly 1]
Approval parts in the stream:   0   [criterion 14: 0 before connect]
Stream error parts:             0   [a failed turn proves nothing]
GET /api/vendo/approvals after: []   [criterion 11: store untouched]

===================================================================
B. packages/vendo/src/discovery-budget.live.test.ts (repeatable)
   Same transport counter, asserted in CI-runnable form. Host tool
   backed by a local HTTP route (Maple shape: spending from a host
   tool, connector only to send). Identity flowlet-demo, the entity
   holding the ACTIVE Gmail connection (see PARKED.md P1).
===================================================================
[live] criterion 13 — boot: 2 · turn TOTAL: 3 [
  '/api/v3/connected_accounts',
  '/api/v3/connected_accounts',
  '/api/v3/tools/execute/GMAIL_GET_PROFILE'
]

[live] criterion 14 — turn TOTAL: 5 [
  '/api/v3/connected_accounts',
  '/api/v3/toolkits/gmail',
  '/api/v3/toolkits/slack',
  '/api/v3/connected_accounts',
  '/api/v3/connected_accounts'
]
