
[WebServer] (node:86351) Warning: The 'NO_COLOR' env is ignored due to the 'FORCE_COLOR' env being set.
[WebServer] (Use `node --trace-warnings ...` to show where the warning was created)

[WebServer] (node:86410) Warning: The 'NO_COLOR' env is ignored due to the 'FORCE_COLOR' env being set.
[WebServer] (Use `node --trace-warnings ...` to show where the warning was created)
[WebServer] 
[WebServer]   VITE v6.4.3  ready in 243 ms
[WebServer] 
[WebServer]   ➜  Local:   http://127.0.0.1:3227/


Running 11 tests using 1 worker

[1/11] [chromium] › ../../../../../../../../private/tmp/postcheck-b/center.spec.ts:27:5 › axe: the center has zero WCAG 2.1 A/AA violations (desktop)
[2/11] [chromium] › ../../../../../../../../private/tmp/postcheck-b/center.spec.ts:41:5 › axe: the center has zero WCAG 2.1 A/AA violations (390px, sheet open)
[3/11] [chromium] › ../../../../../../../../private/tmp/postcheck-b/center.spec.ts:55:5 › H10: ··· → Activity → ··· leaves a tab stop and a named panel
[4/11] [chromium] › ../../../../../../../../private/tmp/postcheck-b/center.spec.ts:81:5 › H18: a keyboard walk of the rail destroys nothing
[5/11] [chromium] › ../../../../../../../../private/tmp/postcheck-b/center.spec.ts:106:5 › H11: nothing inside a live tile preview is reachable
[6/11] [chromium] › ../../../../../../../../private/tmp/postcheck-b/center.spec.ts:136:5 › M34: the mobile sheet takes focus, traps it, and gives it back on Escape
[7/11] [chromium] › ../../../../../../../../private/tmp/postcheck-b/center.spec.ts:163:5 › H12: the takeover inerts the host page and brings no second main
[8/11] [chromium] › ../../../../../../../../private/tmp/postcheck-b/center.spec.ts:186:5 › M33: every state indicator clears 3:1, measured in the browser
[9/11] [chromium] › ../../../../../../../../private/tmp/postcheck-b/shots.spec.ts:8:5 › after: rail + open conversation + tiles
[10/11] [chromium] › ../../../../../../../../private/tmp/postcheck-b/shots.spec.ts:19:5 › after: mobile header + automations switch
[11/11] [chromium] › ../../../../../../../../private/tmp/postcheck-b/shots.spec.ts:35:5 › after H11 probe: the planted focusable is refused and axe is clean
[chromium] › ../../../../../../../../private/tmp/postcheck-b/shots.spec.ts:35:5 › after H11 probe: the planted focusable is refused and axe is clean
AFTER H11 probe: {"tiles":3,"hidden":0,"inert":3,"reachable":0} → none

  11 passed (10.7s)
